../Drivers/CMSIS/Include/core_cm7.h:2660:26:uint32_t ITM_SendChar(uint32_t)	16	static,ignoring_inline_asm
../Core/Src/main.cpp:99:5:int main()	56	static
../Core/Src/main.cpp:179:6:void SystemClock_Config()	120	static
../Core/Src/main.cpp:239:13:void MX_ETH_Init()	8	static
../Core/Src/main.cpp:287:13:void MX_USART3_UART_Init()	8	static
../Core/Src/main.cpp:332:13:void MX_USB_OTG_FS_PCD_Init()	8	static
../Core/Src/main.cpp:366:13:void MX_GPIO_Init()	56	static
../Core/Src/main.cpp:428:5:int _write(int, char*, int)	32	static
../Core/Src/main.cpp:448:6:void StartDefaultTask(const void*)	16	static
../Core/Src/main.cpp:466:6:void HAL_TIM_PeriodElapsedCallback(TIM_HandleTypeDef*)	16	static
../Core/Src/main.cpp:482:6:void Error_Handler()	4	static,ignoring_inline_asm
