19:43:25 **** Incremental Build of configuration Debug for project FlightComputer ****
make -j12 all 
arm-none-eabi-size  FlightComputer.elf 
   text	   data	    bss	    dec	    hex	filename
  36444	    292	  19988	  56724	   dd94	FlightComputer.elf
Finished building: default.size.stdout
 
19:43:34 **** Incremental Build of configuration Debug for project FlightComputer ****
make -j12 all 
arm-none-eabi-size  FlightComputer.elf 
   text	   data	    bss	    dec	    hex	filename
  36444	    292	  19988	  56724	   dd94	FlightComputer.elf
Finished building: default.size.stdout
 
