15:22:44 **** Incremental Build of configuration Debug for project RMII ****
make -j12 all 
arm-none-eabi-gcc "../LWIP/Target/ethernetif.c" -mcpu=cortex-m7 -std=gnu11 -g3 -DDEBUG -DUSE_HAL_DRIVER -DSTM32H743xx -c -I../Core/Inc -I../Drivers/STM32H7xx_HAL_Driver/Inc -I../Drivers/STM32H7xx_HAL_Driver/Inc/Legacy -I../Drivers/CMSIS/Device/ST/STM32H7xx/Include -I../Drivers/CMSIS/Include -I../LWIP/App -I../LWIP/Target -I../Middlewares/Third_Party/LwIP/src/include -I../Middlewares/Third_Party/LwIP/system -I../Drivers/BSP/Components/lan8742 -I../Middlewares/Third_Party/LwIP/src/include/netif/ppp -I../Middlewares/Third_Party/LwIP/src/include/lwip -I../Middlewares/Third_Party/LwIP/src/include/lwip/apps -I../Middlewares/Third_Party/LwIP/src/include/lwip/priv -I../Middlewares/Third_Party/LwIP/src/include/lwip/prot -I../Middlewares/Third_Party/LwIP/src/include/netif -I../Middlewares/Third_Party/LwIP/src/include/compat/posix -I../Middlewares/Third_Party/LwIP/src/include/compat/posix/arpa -I../Middlewares/Third_Party/LwIP/src/include/compat/posix/net -I../Middlewares/Third_Party/LwIP/src/include/compat/posix/sys -I../Middlewares/Third_Party/LwIP/src/include/compat/stdc -I../Middlewares/Third_Party/LwIP/system/arch -O0 -ffunction-sections -fdata-sections -Wall -fstack-usage -fcyclomatic-complexity -MMD -MP -MF"LWIP/Target/ethernetif.d" -MT"LWIP/Target/ethernetif.o" --specs=nano.specs -mfpu=fpv5-d16 -mfloat-abi=hard -mthumb -o "LWIP/Target/ethernetif.o"
arm-none-eabi-gcc -o "RMII.elf" @"objects.list"   -mcpu=cortex-m7 -T"C:\Users\m_yas\STM32CubeIDE\FlightComputer\RMII\STM32H743ZITX_FLASH.ld" --specs=nosys.specs -Wl,-Map="RMII.map" -Wl,--gc-sections -static --specs=nano.specs -mfpu=fpv5-d16 -mfloat-abi=hard -mthumb -Wl,--start-group -lc -lm -Wl,--end-group
Finished building target: RMII.elf
 
arm-none-eabi-size  RMII.elf 
arm-none-eabi-objdump -h -S RMII.elf  > "RMII.list"
   text	   data	    bss	    dec	    hex	filename
  73000	  19151	  14664	 106815	  1a13f	RMII.elf
Finished building: default.size.stdout
 
Finished building: RMII.list
 

15:22:46 Build Finished. 0 errors, 0 warnings. (took 2s.182ms)

